Archive member included to satisfy reference by file (symbol)

e:/iti/5_arm/winarm/armgcc/12.3.1-1.1.1/.content/bin/../lib/gcc/arm-none-eabi/12.3.1/thumb/v7e-m/nofp\libgcc.a(_aeabi_uldivmod.o)
                              ./system/src/stm32f4-hal/stm32f4xx_hal_rcc.o (__aeabi_uldivmod)
e:/iti/5_arm/winarm/armgcc/12.3.1-1.1.1/.content/bin/../lib/gcc/arm-none-eabi/12.3.1/thumb/v7e-m/nofp\libgcc.a(_udivmoddi4.o)
                              e:/iti/5_arm/winarm/armgcc/12.3.1-1.1.1/.content/bin/../lib/gcc/arm-none-eabi/12.3.1/thumb/v7e-m/nofp\libgcc.a(_aeabi_uldivmod.o) (__udivmoddi4)
e:/iti/5_arm/winarm/armgcc/12.3.1-1.1.1/.content/bin/../lib/gcc/arm-none-eabi/12.3.1/thumb/v7e-m/nofp\libgcc.a(_dvmd_tls.o)
                              e:/iti/5_arm/winarm/armgcc/12.3.1-1.1.1/.content/bin/../lib/gcc/arm-none-eabi/12.3.1/thumb/v7e-m/nofp\libgcc.a(_aeabi_uldivmod.o) (__aeabi_ldiv0)
e:/iti/5_arm/winarm/armgcc/12.3.1-1.1.1/.content/bin/../lib/gcc/arm-none-eabi/12.3.1/../../../../arm-none-eabi/lib/thumb/v7e-m/nofp\libg_nano.a(libc_a-vsnprintf.o)
                              ./system/src/diag/trace.o (vsnprintf)
e:/iti/5_arm/winarm/armgcc/12.3.1-1.1.1/.content/bin/../lib/gcc/arm-none-eabi/12.3.1/../../../../arm-none-eabi/lib/thumb/v7e-m/nofp\libg_nano.a(libc_a-impure.o)
                              e:/iti/5_arm/winarm/armgcc/12.3.1-1.1.1/.content/bin/../lib/gcc/arm-none-eabi/12.3.1/../../../../arm-none-eabi/lib/thumb/v7e-m/nofp\libg_nano.a(libc_a-vsnprintf.o) (_impure_ptr)
e:/iti/5_arm/winarm/armgcc/12.3.1-1.1.1/.content/bin/../lib/gcc/arm-none-eabi/12.3.1/../../../../arm-none-eabi/lib/thumb/v7e-m/nofp\libg_nano.a(libc_a-errno.o)
                              ./system/src/newlib/sbrk.o (__errno)
e:/iti/5_arm/winarm/armgcc/12.3.1-1.1.1/.content/bin/../lib/gcc/arm-none-eabi/12.3.1/../../../../arm-none-eabi/lib/thumb/v7e-m/nofp\libg_nano.a(libc_a-strlen.o)
                              ./system/src/diag/trace.o (strlen)
e:/iti/5_arm/winarm/armgcc/12.3.1-1.1.1/.content/bin/../lib/gcc/arm-none-eabi/12.3.1/../../../../arm-none-eabi/lib/thumb/v7e-m/nofp\libg_nano.a(libc_a-nano-svfprintf.o)
                              e:/iti/5_arm/winarm/armgcc/12.3.1-1.1.1/.content/bin/../lib/gcc/arm-none-eabi/12.3.1/../../../../arm-none-eabi/lib/thumb/v7e-m/nofp\libg_nano.a(libc_a-vsnprintf.o) (_svfprintf_r)
e:/iti/5_arm/winarm/armgcc/12.3.1-1.1.1/.content/bin/../lib/gcc/arm-none-eabi/12.3.1/../../../../arm-none-eabi/lib/thumb/v7e-m/nofp\libg_nano.a(libc_a-nano-vfprintf_i.o)
                              e:/iti/5_arm/winarm/armgcc/12.3.1-1.1.1/.content/bin/../lib/gcc/arm-none-eabi/12.3.1/../../../../arm-none-eabi/lib/thumb/v7e-m/nofp\libg_nano.a(libc_a-nano-svfprintf.o) (_printf_i)
e:/iti/5_arm/winarm/armgcc/12.3.1-1.1.1/.content/bin/../lib/gcc/arm-none-eabi/12.3.1/../../../../arm-none-eabi/lib/thumb/v7e-m/nofp\libg_nano.a(libc_a-memmove.o)
                              e:/iti/5_arm/winarm/armgcc/12.3.1-1.1.1/.content/bin/../lib/gcc/arm-none-eabi/12.3.1/../../../../arm-none-eabi/lib/thumb/v7e-m/nofp\libg_nano.a(libc_a-nano-svfprintf.o) (memmove)
e:/iti/5_arm/winarm/armgcc/12.3.1-1.1.1/.content/bin/../lib/gcc/arm-none-eabi/12.3.1/../../../../arm-none-eabi/lib/thumb/v7e-m/nofp\libg_nano.a(libc_a-memchr.o)
                              e:/iti/5_arm/winarm/armgcc/12.3.1-1.1.1/.content/bin/../lib/gcc/arm-none-eabi/12.3.1/../../../../arm-none-eabi/lib/thumb/v7e-m/nofp\libg_nano.a(libc_a-nano-svfprintf.o) (memchr)
e:/iti/5_arm/winarm/armgcc/12.3.1-1.1.1/.content/bin/../lib/gcc/arm-none-eabi/12.3.1/../../../../arm-none-eabi/lib/thumb/v7e-m/nofp\libg_nano.a(libc_a-memcpy-stub.o)
                              e:/iti/5_arm/winarm/armgcc/12.3.1-1.1.1/.content/bin/../lib/gcc/arm-none-eabi/12.3.1/../../../../arm-none-eabi/lib/thumb/v7e-m/nofp\libg_nano.a(libc_a-nano-svfprintf.o) (memcpy)
e:/iti/5_arm/winarm/armgcc/12.3.1-1.1.1/.content/bin/../lib/gcc/arm-none-eabi/12.3.1/../../../../arm-none-eabi/lib/thumb/v7e-m/nofp\libg_nano.a(libc_a-freer.o)
                              e:/iti/5_arm/winarm/armgcc/12.3.1-1.1.1/.content/bin/../lib/gcc/arm-none-eabi/12.3.1/../../../../arm-none-eabi/lib/thumb/v7e-m/nofp\libg_nano.a(libc_a-nano-svfprintf.o) (_free_r)
e:/iti/5_arm/winarm/armgcc/12.3.1-1.1.1/.content/bin/../lib/gcc/arm-none-eabi/12.3.1/../../../../arm-none-eabi/lib/thumb/v7e-m/nofp\libg_nano.a(libc_a-mallocr.o)
                              e:/iti/5_arm/winarm/armgcc/12.3.1-1.1.1/.content/bin/../lib/gcc/arm-none-eabi/12.3.1/../../../../arm-none-eabi/lib/thumb/v7e-m/nofp\libg_nano.a(libc_a-nano-svfprintf.o) (_malloc_r)
e:/iti/5_arm/winarm/armgcc/12.3.1-1.1.1/.content/bin/../lib/gcc/arm-none-eabi/12.3.1/../../../../arm-none-eabi/lib/thumb/v7e-m/nofp\libg_nano.a(libc_a-mlock.o)
                              e:/iti/5_arm/winarm/armgcc/12.3.1-1.1.1/.content/bin/../lib/gcc/arm-none-eabi/12.3.1/../../../../arm-none-eabi/lib/thumb/v7e-m/nofp\libg_nano.a(libc_a-freer.o) (__malloc_lock)
[...]
Memory Configuration

Name             Origin             Length             Attributes
RAM              0x20000000         0x00010000         xrw
CCMRAM           0x10000000         0x00000000         xrw
FLASH            0x08000000         0x00040000         xr
FLASHB1          0x00000000         0x00000000         xr
EXTMEMB0         0x00000000         0x00000000         xr
EXTMEMB1         0x00000000         0x00000000         xr
EXTMEMB2         0x00000000         0x00000000         xr
EXTMEMB3         0x00000000         0x00000000         xr
*default*        0x00000000         0xffffffff

Linker script and memory map

LOAD ./system/src/stm32f4-hal/stm32f4xx_hal.o
LOAD ./system/src/stm32f4-hal/stm32f4xx_hal_cortex.o
LOAD ./system/src/stm32f4-hal/stm32f4xx_hal_flash.o
LOAD ./system/src/stm32f4-hal/stm32f4xx_hal_flash_ex.o
LOAD ./system/src/stm32f4-hal/stm32f4xx_hal_flash_ramfunc.o
LOAD ./system/src/stm32f4-hal/stm32f4xx_hal_gpio.o
LOAD ./system/src/stm32f4-hal/stm32f4xx_hal_iwdg.o
LOAD ./system/src/stm32f4-hal/stm32f4xx_hal_pwr.o
LOAD ./system/src/stm32f4-hal/stm32f4xx_hal_rcc.o
LOAD ./system/src/newlib/assert.o
LOAD ./system/src/newlib/cxx.o
LOAD ./system/src/newlib/exit.o
LOAD ./system/src/newlib/sbrk.o
LOAD ./system/src/newlib/startup.o
LOAD ./system/src/newlib/syscalls.o
LOAD ./system/src/diag/trace-impl.o
LOAD ./system/src/diag/trace.o
LOAD ./system/src/cortexm/exception-handlers.o
LOAD ./system/src/cortexm/initialize-hardware.o
LOAD ./system/src/cortexm/reset-hardware.o
LOAD ./system/src/cmsis/system_stm32f4xx.o
LOAD ./system/src/cmsis/vectors_stm32f401xc.o
LOAD ./src/HIR_Program.o
LOAD ./src/HLEDMATRIX_Program.o
LOAD ./src/MEXTI_Program.o
LOAD ./src/MGPIO_Program.o
LOAD ./src/MNIVC_Program.o
LOAD ./src/MRCC_Program.o
LOAD ./src/MSYSTICK_Program.o
LOAD ./src/initialize-hardware.o
LOAD ./src/main.o
LOAD ./src/stm32f4xx_hal_msp.o
LOAD ./src/write.o
LOAD e:/iti/5_arm/winarm/armgcc/12.3.1-1.1.1/.content/bin/../lib/gcc/arm-none-eabi/12.3.1/../../../../arm-none-eabi/lib/thumb/v7e-m/nofp\libstdc++_nano.a
LOAD e:/iti/5_arm/winarm/armgcc/12.3.1-1.1.1/.content/bin/../lib/gcc/arm-none-eabi/12.3.1/../../../../arm-none-eabi/lib/thumb/v7e-m/nofp\libm.a
START GROUP
LOAD e:/iti/5_arm/winarm/armgcc/12.3.1-1.1.1/.content/bin/../lib/gcc/arm-none-eabi/12.3.1/thumb/v7e-m/nofp\libgcc.a
LOAD e:/iti/5_arm/winarm/armgcc/12.3.1-1.1.1/.content/bin/../lib/gcc/arm-none-eabi/12.3.1/../../../../arm-none-eabi/lib/thumb/v7e-m/nofp\libg_nano.a
LOAD e:/iti/5_arm/winarm/armgcc/12.3.1-1.1.1/.content/bin/../lib/gcc/arm-none-eabi/12.3.1/../../../../arm-none-eabi/lib/thumb/v7e-m/nofp\libc_nano.a
END GROUP
START GROUP
LOAD e:/iti/5_arm/winarm/armgcc/12.3.1-1.1.1/.content/bin/../lib/gcc/arm-none-eabi/12.3.1/thumb/v7e-m/nofp\libgcc.a
LOAD e:/iti/5_arm/winarm/armgcc/12.3.1-1.1.1/.content/bin/../lib/gcc/arm-none-eabi/12.3.1/../../../../arm-none-eabi/lib/thumb/v7e-m/nofp\libc_nano.a
END GROUP
                0x20010000                        __stack = (ORIGIN (RAM) + LENGTH (RAM))
                0x20010000                        _estack = __stack
                0x00000400                        __Main_Stack_Size = 0x400
                [!provide]                        PROVIDE (_Main_Stack_Size = __Main_Stack_Size)
                0x2000fc00                        __Main_Stack_Limit = (__stack - __Main_Stack_Size)
                [!provide]                        PROVIDE (_Main_Stack_Limit = __Main_Stack_Limit)
                0x00000100                        _Minimum_Stack_Size = 0x100
                0x20000228                        PROVIDE (_Heap_Begin = _end_noinit)
                0x2000fc00                        PROVIDE (_Heap_Limit = (__stack - __Main_Stack_Size))

.isr_vector     0x08000000      0x3f4
 FILL mask 0xff
                0x08000000                        __vectors_start = ABSOLUTE (.)
                0x08000000                        __vectors_start__ = ABSOLUTE (.)
 *(.isr_vector)
 .isr_vector    0x08000000      0x194 ./system/src/cmsis/vectors_stm32f401xc.o
                0x08000000                __isr_vectors
 *(.cfmconfig)
 *(.after_vectors .after_vectors.*)
 .after_vectors
                0x08000194      0x130 ./system/src/newlib/startup.o
                0x08000194                _start
 .after_vectors
                0x080002c4      0x12c ./system/src/cortexm/exception-handlers.o
                0x080002c4                Reset_Handler
                0x080002ca                NMI_Handler
                0x080002ce                HardFault_Handler
                0x080002e2                HardFault_Handler_C
                0x08000340                MemManage_Handler
                0x08000344                BusFault_Handler
                0x08000358                BusFault_Handler_C
                0x0800038c                UsageFault_Handler
                0x080003a0                UsageFault_Handler_C
                0x080003d4                SVC_Handler
                0x080003d8                DebugMon_Handler
                0x080003dc                PendSV_Handler
 .after_vectors
                0x080003f0        0x4 ./system/src/cmsis/vectors_stm32f401xc.o
                0x080003f0                RTC_Alarm_IRQHandler
                0x080003f0                SPI4_IRQHandler
                0x080003f0                TIM1_CC_IRQHandler
                0x080003f0                DMA2_Stream5_IRQHandler
                0x080003f0                DMA1_Stream5_IRQHandler
                0x080003f0                PVD_IRQHandler
                0x080003f0                SDIO_IRQHandler
                0x080003f0                TAMP_STAMP_IRQHandler
                0x080003f0                TIM1_UP_TIM10_IRQHandler
                0x080003f0                I2C3_ER_IRQHandler
                0x080003f0                I2C2_EV_IRQHandler
                0x080003f0                DMA1_Stream2_IRQHandler
                0x080003f0                FPU_IRQHandler
                0x080003f0                DMA2_Stream2_IRQHandler
                0x080003f0                SPI1_IRQHandler
                0x080003f0                TIM1_BRK_TIM9_IRQHandler
                0x080003f0                DMA2_Stream3_IRQHandler
                0x080003f0                USART6_IRQHandler
                0x080003f0                DMA2_Stream0_IRQHandler
                0x080003f0                TIM4_IRQHandler
                0x080003f0                I2C1_EV_IRQHandler
                0x080003f0                DMA1_Stream6_IRQHandler
                0x080003f0                DMA1_Stream1_IRQHandler
                0x080003f0                TIM3_IRQHandler
                0x080003f0                RCC_IRQHandler
                0x080003f0                Default_Handler
                0x080003f0                EXTI15_10_IRQHandler
                0x080003f0                ADC_IRQHandler
                0x080003f0                DMA1_Stream7_IRQHandler
                0x080003f0                TIM5_IRQHandler
                0x080003f0                DMA2_Stream7_IRQHandler
                0x080003f0                I2C3_EV_IRQHandler
                0x080003f0                RTC_WKUP_IRQHandler
                0x080003f0                SPI2_IRQHandler
                0x080003f0                DMA1_Stream0_IRQHandler
                0x080003f0                WWDG_IRQHandler
                0x080003f0                TIM2_IRQHandler
                0x080003f0                OTG_FS_WKUP_IRQHandler
                0x080003f0                TIM1_TRG_COM_TIM11_IRQHandler
                0x080003f0                USART2_IRQHandler
                0x080003f0                I2C2_ER_IRQHandler
                0x080003f0                DMA2_Stream1_IRQHandler
                0x080003f0                FLASH_IRQHandler
                0x080003f0                DMA2_Stream4_IRQHandler
                0x080003f0                USART1_IRQHandler
                0x080003f0                OTG_FS_IRQHandler
                0x080003f0                SPI3_IRQHandler
                0x080003f0                DMA1_Stream4_IRQHandler
                0x080003f0                I2C1_ER_IRQHandler
                0x080003f0                DMA2_Stream6_IRQHandler
                0x080003f0                DMA1_Stream3_IRQHandler

.inits          0x080003f4       0x28
                0x080003f4                        __data_regions_array_start = .
                0x080003f4        0x4 LONG 0x80025c8 LOADADDR (.data)
                0x080003f8        0x4 LONG 0x20000000 ADDR (.data)
                0x080003fc        0x4 LONG 0x2000006c (ADDR (.data) + SIZEOF (.data))
                0x08000400        0x4 LONG 0x80025c8 LOADADDR (.data_CCMRAM)
                0x08000404        0x4 LONG 0x10000000 ADDR (.data_CCMRAM)
                0x08000408        0x4 LONG 0x10000000 (ADDR (.data_CCMRAM) + SIZEOF (.data_CCMRAM))
                0x0800040c                        __data_regions_array_end = .
                0x0800040c                        __bss_regions_array_start = .
                0x0800040c        0x4 LONG 0x2000006c ADDR (.bss)
                0x08000410        0x4 LONG 0x20000228 (ADDR (.bss) + SIZEOF (.bss))
                0x08000414        0x4 LONG 0x10000000 ADDR (.bss_CCMRAM)
                0x08000418        0x4 LONG 0x10000000 (ADDR (.bss_CCMRAM) + SIZEOF (.bss_CCMRAM))
                0x0800041c                        __bss_regions_array_end = .
 *(.init)
 *(.fini)
                0x0800041c                        . = ALIGN (0x4)
                0x0800041c                        PROVIDE (__preinit_array_start = .)
 *(.preinit_array_sysinit .preinit_array_sysinit.*)
 *(.preinit_array_platform .preinit_array_platform.*)
 *(.preinit_array .preinit_array.*)
                0x0800041c                        PROVIDE (__preinit_array_end = .)
                0x0800041c                        . = ALIGN (0x4)
                0x0800041c                        PROVIDE (__init_array_start = .)
 *(SORT_BY_NAME(.init_array.*))
 *(.init_array)
                0x0800041c                        PROVIDE (__init_array_end = .)
                0x0800041c                        . = ALIGN (0x4)
                0x0800041c                        PROVIDE (__fini_array_start = .)
 *(SORT_BY_NAME(.fini_array.*))
 *(.fini_array)
                0x0800041c                        PROVIDE (__fini_array_end = .)

.flashtext
 *(.flashtext .flashtext.*)

.text           0x08000420     0x21a0
 *(.text .text.*)
 .text.HAL_InitTick
                0x08000420       0x4c ./system/src/stm32f4-hal/stm32f4xx_hal.o
                0x08000420                HAL_InitTick
 .text.HAL_Init
                0x0800046c       0x34 ./system/src/stm32f4-hal/stm32f4xx_hal.o
                0x0800046c                HAL_Init
 .text.HAL_GetTick
                0x080004a0        0xc ./system/src/stm32f4-hal/stm32f4xx_hal.o
                0x080004a0                HAL_GetTick
 .text.__NVIC_SetPriority
                0x080004ac       0x28 ./system/src/stm32f4-hal/stm32f4xx_hal_cortex.o
 .text.NVIC_EncodePriority
                0x080004d4       0x3e ./system/src/stm32f4-hal/stm32f4xx_hal_cortex.o
 *fill*         0x08000512        0x2 
 .text.HAL_NVIC_SetPriorityGrouping
                0x08000514       0x3c ./system/src/stm32f4-hal/stm32f4xx_hal_cortex.o
                0x08000514                HAL_NVIC_SetPriorityGrouping
 .text.HAL_NVIC_SetPriority
                0x08000550       0x48 ./system/src/stm32f4-hal/stm32f4xx_hal_cortex.o
                0x08000550                HAL_NVIC_SetPriority
 .text.HAL_SYSTICK_Config
                0x08000598       0x28 ./system/src/stm32f4-hal/stm32f4xx_hal_cortex.o
                0x08000598                HAL_SYSTICK_Config
 .text.HAL_SYSTICK_CLKSourceConfig
                0x080005c0       0x34 ./system/src/stm32f4-hal/stm32f4xx_hal_cortex.o
                0x080005c0                HAL_SYSTICK_CLKSourceConfig
 .text.HAL_RCC_OscConfig
                0x080005f4      0x4f8 ./system/src/stm32f4-hal/stm32f4xx_hal_rcc.o
                0x080005f4                HAL_RCC_OscConfig
 .text.HAL_RCC_GetSysClockFreq
                0x08000aec       0xa8 ./system/src/stm32f4-hal/stm32f4xx_hal_rcc.o
                0x08000aec                HAL_RCC_GetSysClockFreq
 .text.HAL_RCC_ClockConfig
                0x08000b94      0x224 ./system/src/stm32f4-hal/stm32f4xx_hal_rcc.o
                0x08000b94                HAL_RCC_ClockConfig
 .text.HAL_RCC_GetHCLKFreq
                0x08000db8        0xc ./system/src/stm32f4-hal/stm32f4xx_hal_rcc.o
                0x08000db8                HAL_RCC_GetHCLKFreq
 .text._exit    0x08000dc4        0x2 ./system/src/newlib/exit.o
                0x08000dc4                _exit
 *fill*         0x08000dc6        0x2 
 .text._sbrk    0x08000dc8       0x44 ./system/src/newlib/sbrk.o
                0x08000dc8                _sbrk
 .text.__initialize_args
                0x08000e0c       0x10 ./system/src/newlib/syscalls.o
                0x08000e0c                __initialize_args
 .text._trace_write_semihosting_debug
                0x08000e1c       0x62 ./system/src/diag/trace-impl.o
 .text.trace_write
                0x08000e7e        0x8 ./system/src/diag/trace-impl.o
                0x08000e7e                trace_write
 *fill*         0x08000e86        0x2 
 .text.trace_printf
                0x08000e88       0x34 ./system/src/diag/trace.o
                0x08000e88                trace_printf
 .text.dumpExceptionStack
                0x08000ebc       0xf4 ./system/src/cortexm/exception-handlers.o
                0x08000ebc                dumpExceptionStack
 .text.isSemihosting
                0x08000fb0       0x20 ./system/src/cortexm/exception-handlers.o
                0x08000fb0                isSemihosting
 .text.__initialize_hardware_early
                0x08000fd0       0x18 ./system/src/cortexm/initialize-hardware.o
                0x08000fd0                __initialize_hardware_early
 .text.SystemInit
                0x08000fe8       0x10 ./system/src/cmsis/system_stm32f4xx.o
                0x08000fe8                SystemInit
 .text.SystemCoreClockUpdate
                0x08000ff8       0xa0 ./system/src/cmsis/system_stm32f4xx.o
                0x08000ff8                SystemCoreClockUpdate
 .text.GetFrame
                0x08001098       0x48 ./src/HIR_Program.o
                0x08001098                GetFrame
 .text.GetData  0x080010e0       0x8c ./src/HIR_Program.o
                0x080010e0                GetData
 .text.MEXTI_voidInterruptSetPort
                0x0800116c       0x30 ./src/MEXTI_Program.o
                0x0800116c                MEXTI_voidInterruptSetPort
 .text.MEXTI_voidInterruptEnableDisable
                0x0800119c       0x2c ./src/MEXTI_Program.o
                0x0800119c                MEXTI_voidInterruptEnableDisable
 .text.MEXTI_voidInterruptTrigger
                0x080011c8       0x40 ./src/MEXTI_Program.o
                0x080011c8                MEXTI_voidInterruptTrigger
 .text.MEXTI_voidSetCallBack
                0x08001208       0x10 ./src/MEXTI_Program.o
                0x08001208                MEXTI_voidSetCallBack
 .text.EXTI0_IRQHandler
                0x08001218       0x20 ./src/MEXTI_Program.o
                0x08001218                EXTI0_IRQHandler
 .text.EXTI1_IRQHandler
                0x08001238       0x20 ./src/MEXTI_Program.o
                0x08001238                EXTI1_IRQHandler
 .text.EXTI2_IRQHandler
                0x08001258       0x20 ./src/MEXTI_Program.o
                0x08001258                EXTI2_IRQHandler
 .text.EXTI3_IRQHandler
                0x08001278       0x20 ./src/MEXTI_Program.o
                0x08001278                EXTI3_IRQHandler
 .text.EXTI4_IRQHandler
                0x08001298       0x20 ./src/MEXTI_Program.o
                0x08001298                EXTI4_IRQHandler
 .text.EXTI9_5_IRQHandler
                0x080012b8       0x20 ./src/MEXTI_Program.o
                0x080012b8                EXTI9_5_IRQHandler
 .text.MGPIO_SetMode
                0x080012d8       0x80 ./src/MGPIO_Program.o
                0x080012d8                MGPIO_SetMode
 .text.MGPIO_SetInputPinMode
                0x08001358       0x80 ./src/MGPIO_Program.o
                0x08001358                MGPIO_SetInputPinMode
 .text.MNVIC_VoidEnbleInterrupt
                0x080013d8       0x20 ./src/MNIVC_Program.o
                0x080013d8                MNVIC_VoidEnbleInterrupt
 .text.MRCC_Init
                0x080013f8       0x34 ./src/MRCC_Program.o
                0x080013f8                MRCC_Init
 .text.MRCC_Enable_Peripheral
                0x0800142c       0x48 ./src/MRCC_Program.o
                0x0800142c                MRCC_Enable_Peripheral
 .text.SYSTICK_voidInit
                0x08001474        0xe ./src/MSYSTICK_Program.o
                0x08001474                SYSTICK_voidInit
 .text.SYSTICK_voidCtrlIntState
                0x08001482       0x12 ./src/MSYSTICK_Program.o
                0x08001482                SYSTICK_voidCtrlIntState
 .text.SYSTICK_voidStart
                0x08001494       0x18 ./src/MSYSTICK_Program.o
                0x08001494                SYSTICK_voidStart
 .text.SYSTICK_u32GetElapsedTime
                0x080014ac        0xe ./src/MSYSTICK_Program.o
                0x080014ac                SYSTICK_u32GetElapsedTime
 *fill*         0x080014ba        0x2 
 .text.SYSTICK_voidSetCallBack
                0x080014bc        0xc ./src/MSYSTICK_Program.o
                0x080014bc                SYSTICK_voidSetCallBack
 .text.SysTick_Handler
                0x080014c8       0x3c ./src/MSYSTICK_Program.o
                0x080014c8                SysTick_Handler
 .text.SYSTICK_SetInterval
                0x08001504       0x20 ./src/MSYSTICK_Program.o
                0x08001504                SYSTICK_SetInterval
 .text.SystemClock_Config
                0x08001524       0x9c ./src/initialize-hardware.o
                0x08001524                SystemClock_Config
 .text.__initialize_hardware
                0x080015c0       0x10 ./src/initialize-hardware.o
                0x080015c0                __initialize_hardware
 .text.assert_failed
                0x080015d0       0x14 ./src/initialize-hardware.o
                0x080015d0                assert_failed
 .text.main     0x080015e4       0x74 ./src/main.o
                0x080015e4                main
 .text.HAL_MspInit
                0x08001658        0x2 ./src/stm32f4xx_hal_msp.o
                0x08001658                HAL_MspInit
 *fill*         0x0800165a        0x2 
 .text          0x0800165c       0x30 e:/iti/5_arm/winarm/armgcc/12.3.1-1.1.1/.content/bin/../lib/gcc/arm-none-eabi/12.3.1/thumb/v7e-m/nofp\libgcc.a(_aeabi_uldivmod.o)
                0x0800165c                __aeabi_uldivmod
 .text.__udivmoddi4
                0x0800168c      0x2bc e:/iti/5_arm/winarm/armgcc/12.3.1-1.1.1/.content/bin/../lib/gcc/arm-none-eabi/12.3.1/thumb/v7e-m/nofp\libgcc.a(_udivmoddi4.o)
                0x0800168c                __udivmoddi4
 .text          0x08001948        0x4 e:/iti/5_arm/winarm/armgcc/12.3.1-1.1.1/.content/bin/../lib/gcc/arm-none-eabi/12.3.1/thumb/v7e-m/nofp\libgcc.a(_dvmd_tls.o)
                0x08001948                __aeabi_idiv0
                0x08001948                __aeabi_ldiv0
 .text._vsnprintf_r
                0x0800194c       0x56 e:/iti/5_arm/winarm/armgcc/12.3.1-1.1.1/.content/bin/../lib/gcc/arm-none-eabi/12.3.1/../../../../arm-none-eabi/lib/thumb/v7e-m/nofp\libg_nano.a(libc_a-vsnprintf.o)
                0x0800194c                _vsniprintf_r
                0x0800194c                _vsnprintf_r
 *fill*         0x080019a2        0x2 
 .text.vsnprintf
                0x080019a4       0x1c e:/iti/5_arm/winarm/armgcc/12.3.1-1.1.1/.content/bin/../lib/gcc/arm-none-eabi/12.3.1/../../../../arm-none-eabi/lib/thumb/v7e-m/nofp\libg_nano.a(libc_a-vsnprintf.o)
                0x080019a4                vsniprintf
                0x080019a4                vsnprintf
 .text.__errno  0x080019c0        0xc e:/iti/5_arm/winarm/armgcc/12.3.1-1.1.1/.content/bin/../lib/gcc/arm-none-eabi/12.3.1/../../../../arm-none-eabi/lib/thumb/v7e-m/nofp\libg_nano.a(libc_a-errno.o)
                0x080019c0                __errno
 .text.__ssputs_r
                0x080019cc       0xb6 e:/iti/5_arm/winarm/armgcc/12.3.1-1.1.1/.content/bin/../lib/gcc/arm-none-eabi/12.3.1/../../../../arm-none-eabi/lib/thumb/v7e-m/nofp\libg_nano.a(libc_a-nano-svfprintf.o)
                0x080019cc                __ssputs_r
 *fill*         0x08001a82        0x2 
 .text._svfprintf_r
                0x08001a84      0x1f8 e:/iti/5_arm/winarm/armgcc/12.3.1-1.1.1/.content/bin/../lib/gcc/arm-none-eabi/12.3.1/../../../../arm-none-eabi/lib/thumb/v7e-m/nofp\libg_nano.a(libc_a-nano-svfprintf.o)
                0x08001a84                _svfiprintf_r
                0x08001a84                _svfprintf_r
 .text._printf_common
                0x08001c7c       0xda e:/iti/5_arm/winarm/armgcc/12.3.1-1.1.1/.content/bin/../lib/gcc/arm-none-eabi/12.3.1/../../../../arm-none-eabi/lib/thumb/v7e-m/nofp\libg_nano.a(libc_a-nano-vfprintf_i.o)
                0x08001c7c                _printf_common
 *fill*         0x08001d56        0x2 
 .text._printf_i
                0x08001d58      0x258 e:/iti/5_arm/winarm/armgcc/12.3.1-1.1.1/.content/bin/../lib/gcc/arm-none-eabi/12.3.1/../../../../arm-none-eabi/lib/thumb/v7e-m/nofp\libg_nano.a(libc_a-nano-vfprintf_i.o)
                0x08001d58                _printf_i
 .text.memmove  0x08001fb0       0x34 e:/iti/5_arm/winarm/armgcc/12.3.1-1.1.1/.content/bin/../lib/gcc/arm-none-eabi/12.3.1/../../../../arm-none-eabi/lib/thumb/v7e-m/nofp\libg_nano.a(libc_a-memmove.o)
                0x08001fb0                memmove
 *fill*         0x08001fe4        0xc 
 .text          0x08001ff0       0xa0 e:/iti/5_arm/winarm/armgcc/12.3.1-1.1.1/.content/bin/../lib/gcc/arm-none-eabi/12.3.1/../../../../arm-none-eabi/lib/thumb/v7e-m/nofp\libg_nano.a(libc_a-memchr.o)
                0x08001ff0                memchr
 .text.memcpy   0x08002090       0x1c e:/iti/5_arm/winarm/armgcc/12.3.1-1.1.1/.content/bin/../lib/gcc/arm-none-eabi/12.3.1/../../../../arm-none-eabi/lib/thumb/v7e-m/nofp\libg_nano.a(libc_a-memcpy-stub.o)
                0x08002090                memcpy
 .text._free_r  0x080020ac       0x94 e:/iti/5_arm/winarm/armgcc/12.3.1-1.1.1/.content/bin/../lib/gcc/arm-none-eabi/12.3.1/../../../../arm-none-eabi/lib/thumb/v7e-m/nofp\libg_nano.a(libc_a-freer.o)
                0x080020ac                _free_r
 .text.sbrk_aligned
                0x08002140       0x44 e:/iti/5_arm/winarm/armgcc/12.3.1-1.1.1/.content/bin/../lib/gcc/arm-none-eabi/12.3.1/../../../../arm-none-eabi/lib/thumb/v7e-m/nofp\libg_nano.a(libc_a-mallocr.o)
 .text._malloc_r
                0x08002184      0x100 e:/iti/5_arm/winarm/armgcc/12.3.1-1.1.1/.content/bin/../lib/gcc/arm-none-eabi/12.3.1/../../../../arm-none-eabi/lib/thumb/v7e-m/nofp\libg_nano.a(libc_a-mallocr.o)
                0x08002184                _malloc_r
 .text.__malloc_lock
                0x08002284        0xc e:/iti/5_arm/winarm/armgcc/12.3.1-1.1.1/.content/bin/../lib/gcc/arm-none-eabi/12.3.1/../../../../arm-none-eabi/lib/thumb/v7e-m/nofp\libg_nano.a(libc_a-mlock.o)
                0x08002284                __malloc_lock
 .text.__malloc_unlock
                0x08002290        0xc e:/iti/5_arm/winarm/armgcc/12.3.1-1.1.1/.content/bin/../lib/gcc/arm-none-eabi/12.3.1/../../../../arm-none-eabi/lib/thumb/v7e-m/nofp\libg_nano.a(libc_a-mlock.o)
                0x08002290                __malloc_unlock
 .text._realloc_r
                0x0800229c       0x5c e:/iti/5_arm/winarm/armgcc/12.3.1-1.1.1/.content/bin/../lib/gcc/arm-none-eabi/12.3.1/../../../../arm-none-eabi/lib/thumb/v7e-m/nofp\libg_nano.a(libc_a-reallocr.o)
                0x0800229c                _realloc_r
 .text._sbrk_r  0x080022f8       0x20 e:/iti/5_arm/winarm/armgcc/12.3.1-1.1.1/.content/bin/../lib/gcc/arm-none-eabi/12.3.1/../../../../arm-none-eabi/lib/thumb/v7e-m/nofp\libg_nano.a(libc_a-sbrkr.o)
                0x080022f8                _sbrk_r
 .text.__retarget_lock_acquire_recursive
                0x08002318        0x2 e:/iti/5_arm/winarm/armgcc/12.3.1-1.1.1/.content/bin/../lib/gcc/arm-none-eabi/12.3.1/../../../../arm-none-eabi/lib/thumb/v7e-m/nofp\libg_nano.a(libc_a-lock.o)
                0x08002318                __retarget_lock_acquire_recursive
 .text.__retarget_lock_release_recursive
                0x0800231a        0x2 e:/iti/5_arm/winarm/armgcc/12.3.1-1.1.1/.content/bin/../lib/gcc/arm-none-eabi/12.3.1/../../../../arm-none-eabi/lib/thumb/v7e-m/nofp\libg_nano.a(libc_a-lock.o)
                0x0800231a                __retarget_lock_release_recursive
 .text._malloc_usable_size_r
                0x0800231c       0x10 e:/iti/5_arm/winarm/armgcc/12.3.1-1.1.1/.content/bin/../lib/gcc/arm-none-eabi/12.3.1/../../../../arm-none-eabi/lib/thumb/v7e-m/nofp\libg_nano.a(libc_a-msizer.o)
                0x0800231c                _malloc_usable_size_r
 *(.rodata .rodata.* .constdata .constdata.*)
 .rodata.HAL_NVIC_SetPriorityGrouping.str1.4
                0x0800232c       0x31 ./system/src/stm32f4-hal/stm32f4xx_hal_cortex.o
 *fill*         0x0800235d        0x3 
 .rodata.HAL_RCC_OscConfig.str1.4
                0x08002360       0x2e ./system/src/stm32f4-hal/stm32f4xx_hal_rcc.o
 *fill*         0x0800238e        0x2 
 .rodata.dumpExceptionStack.str1.4
                0x08002390      0x11a ./system/src/cortexm/exception-handlers.o
 *fill*         0x080024aa        0x2 
 .rodata.str1.4
                0x080024ac       0x2a ./system/src/cortexm/exception-handlers.o
 *fill*         0x080024d6        0x2 
 .rodata.AHBPrescTable
                0x080024d8       0x10 ./system/src/cmsis/system_stm32f4xx.o
                0x080024d8                AHBPrescTable
 .rodata.assert_failed.str1.4
                0x080024e8       0x2d ./src/initialize-hardware.o
 .rodata._svfprintf_r.str1.1
                0x08002515       0x11 e:/iti/5_arm/winarm/armgcc/12.3.1-1.1.1/.content/bin/../lib/gcc/arm-none-eabi/12.3.1/../../../../arm-none-eabi/lib/thumb/v7e-m/nofp\libg_nano.a(libc_a-nano-svfprintf.o)
 .rodata._printf_i.str1.1
                0x08002526       0x22 e:/iti/5_arm/winarm/armgcc/12.3.1-1.1.1/.content/bin/../lib/gcc/arm-none-eabi/12.3.1/../../../../arm-none-eabi/lib/thumb/v7e-m/nofp\libg_nano.a(libc_a-nano-vfprintf_i.o)
 *(vtable)
 *(.eh_frame*)
 .eh_frame      0x08002548       0x28 e:/iti/5_arm/winarm/armgcc/12.3.1-1.1.1/.content/bin/../lib/gcc/arm-none-eabi/12.3.1/../../../../arm-none-eabi/lib/thumb/v7e-m/nofp\libg_nano.a(libc_a-strlen.o)
 .eh_frame      0x08002570       0x50 e:/iti/5_arm/winarm/armgcc/12.3.1-1.1.1/.content/bin/../lib/gcc/arm-none-eabi/12.3.1/../../../../arm-none-eabi/lib/thumb/v7e-m/nofp\libg_nano.a(libc_a-memchr.o)
 *(.glue_7)
 .glue_7        0x080025c0        0x0 linker stubs
 *(.glue_7t)
 .glue_7t       0x080025c0        0x0 linker stubs

.vfp11_veneer   0x080025c0        0x0
 .vfp11_veneer  0x080025c0        0x0 linker stubs

.v4_bx          0x080025c0        0x0
 .v4_bx         0x080025c0        0x0 linker stubs

.iplt           0x080025c0        0x0
 .iplt          0x080025c0        0x0 ./system/src/stm32f4-hal/stm32f4xx_hal.o

.ARM.extab
 *(.ARM.extab* .gnu.linkonce.armextab.*)
                0x080025c0                        . = ALIGN (0x4)
                0x080025c0                        __exidx_start = .

.ARM.exidx      0x080025c0        0x8
 *(.ARM.exidx* .gnu.linkonce.armexidx.*)
 .ARM.exidx.text.__udivmoddi4
                0x080025c0        0x8 e:/iti/5_arm/winarm/armgcc/12.3.1-1.1.1/.content/bin/../lib/gcc/arm-none-eabi/12.3.1/thumb/v7e-m/nofp\libgcc.a(_udivmoddi4.o)
 .ARM.exidx     0x080025c8        0x0 e:/iti/5_arm/winarm/armgcc/12.3.1-1.1.1/.content/bin/../lib/gcc/arm-none-eabi/12.3.1/../../../../arm-none-eabi/lib/thumb/v7e-m/nofp\libg_nano.a(libc_a-memchr.o)
                                  0x8 (size before relaxing)
                0x080025c8                        __exidx_end = .

.rel.dyn        0x080025c8        0x0
 .rel.iplt      0x080025c8        0x0 ./system/src/stm32f4-hal/stm32f4xx_hal.o
                0x080025c8                        . = ALIGN (0x4)
                0x080025c8                        _etext = .
                0x080025c8                        __etext = .

.data_CCMRAM    0x10000000        0x0 load address 0x080025c8
 FILL mask 0xff
 *(.data.CCMRAM .data.CCMRAM.*)
                0x10000000                        . = ALIGN (0x4)
                0x080025c8                        _sidata = LOADADDR (.data)

.data           0x20000000       0x6c load address 0x080025c8
 FILL mask 0xff
                0x20000000                        _sdata = .
                0x20000000                        __data_start__ = .
 *(.data_begin .data_begin.*)
 .data_begin    0x20000000        0x4 ./system/src/newlib/startup.o
 *(.data .data.*)
 .data.uwTickFreq
                0x20000004        0x1 ./system/src/stm32f4-hal/stm32f4xx_hal.o
                0x20000004                uwTickFreq
 *fill*         0x20000005        0x3 ff
 .data.uwTickPrio
                0x20000008        0x4 ./system/src/stm32f4-hal/stm32f4xx_hal.o
                0x20000008                uwTickPrio
 .data.argv.1   0x2000000c        0x8 ./system/src/newlib/syscalls.o
 .data.SystemCoreClock
                0x20000014        0x4 ./system/src/cmsis/system_stm32f4xx.o
                0x20000014                SystemCoreClock
 .data._impure_ptr
                0x20000018        0x4 e:/iti/5_arm/winarm/armgcc/12.3.1-1.1.1/.content/bin/../lib/gcc/arm-none-eabi/12.3.1/../../../../arm-none-eabi/lib/thumb/v7e-m/nofp\libg_nano.a(libc_a-impure.o)
                0x20000018                _impure_ptr
 .data._impure_data
                0x2000001c       0x4c e:/iti/5_arm/winarm/armgcc/12.3.1-1.1.1/.content/bin/../lib/gcc/arm-none-eabi/12.3.1/../../../../arm-none-eabi/lib/thumb/v7e-m/nofp\libg_nano.a(libc_a-impure.o)
                0x2000001c                _impure_data
 *(.data_end .data_end.*)
 .data_end      0x20000068        0x4 ./system/src/newlib/startup.o
                0x2000006c                        . = ALIGN (0x4)
                0x2000006c                        _edata = .
                0x2000006c                        __data_end__ = .

.igot.plt       0x2000006c        0x0 load address 0x08002634
 .igot.plt      0x2000006c        0x0 ./system/src/stm32f4-hal/stm32f4xx_hal.o

.bss_CCMRAM     0x10000000        0x0
 *(.bss.CCMRAM .bss.CCMRAM.*)

.bss            0x2000006c      0x1bc
                0x2000006c                        __bss_start__ = .
                0x2000006c                        _sbss = .
 *(.bss_begin .bss_begin.*)
 .bss_begin     0x2000006c        0x4 ./system/src/newlib/startup.o
 *(.bss .bss.*)
 .bss.uwTick    0x20000070        0x4 ./system/src/stm32f4-hal/stm32f4xx_hal.o
                0x20000070                uwTick
 .bss.current_heap_end.0
                0x20000074        0x4 ./system/src/newlib/sbrk.o
 .bss.name.0    0x20000078        0x1 ./system/src/newlib/syscalls.o
 *fill*         0x20000079        0x3 
 .bss.errno     0x2000007c        0x4 ./system/src/newlib/syscalls.o
                0x2000007c                errno
 .bss.buf.0     0x20000080       0x80 ./system/src/diag/trace.o
 .bss.data      0x20000100        0x1 ./src/HIR_Program.o
                0x20000100                data
 *fill*         0x20000101        0x3 
 .bss.ProtocolFrame
                0x20000104       0xc8 ./src/HIR_Program.o
 .bss.counter   0x200001cc        0x1 ./src/HIR_Program.o
                0x200001cc                counter
 .bss.flag      0x200001cd        0x1 ./src/HIR_Program.o
                0x200001cd                flag
 *fill*         0x200001ce        0x2 
 .bss.Global_EXTIPtr
                0x200001d0       0x40 ./src/MEXTI_Program.o
 .bss.global_flag
                0x20000210        0x1 ./src/MSYSTICK_Program.o
                0x20000210                global_flag
 *fill*         0x20000211        0x3 
 .bss.global_ptr
                0x20000214        0x4 ./src/MSYSTICK_Program.o
 .bss.__malloc_sbrk_start
                0x20000218        0x4 e:/iti/5_arm/winarm/armgcc/12.3.1-1.1.1/.content/bin/../lib/gcc/arm-none-eabi/12.3.1/../../../../arm-none-eabi/lib/thumb/v7e-m/nofp\libg_nano.a(libc_a-mallocr.o)
                0x20000218                __malloc_sbrk_start
 .bss.__malloc_free_list
                0x2000021c        0x4 e:/iti/5_arm/winarm/armgcc/12.3.1-1.1.1/.content/bin/../lib/gcc/arm-none-eabi/12.3.1/../../../../arm-none-eabi/lib/thumb/v7e-m/nofp\libg_nano.a(libc_a-mallocr.o)
                0x2000021c                __malloc_free_list
 .bss.__lock___malloc_recursive_mutex
                0x20000220        0x1 e:/iti/5_arm/winarm/armgcc/12.3.1-1.1.1/.content/bin/../lib/gcc/arm-none-eabi/12.3.1/../../../../arm-none-eabi/lib/thumb/v7e-m/nofp\libg_nano.a(libc_a-lock.o)
                0x20000220                __lock___malloc_recursive_mutex
 *(COMMON)
 *(.bss_end .bss_end.*)
 *fill*         0x20000221        0x3 
 .bss_end       0x20000224        0x4 ./system/src/newlib/startup.o
                0x20000228                        . = ALIGN (0x4)
                0x20000228                        __bss_end__ = .
                0x20000228                        _ebss = .

.noinit_CCMRAM
 *(.noinit.CCMRAM .noinit.CCMRAM.*)

.noinit         0x20000228        0x0
                0x20000228                        _noinit = .
 *(.noinit .noinit.*)
                0x20000228                        . = ALIGN (0x4)
                0x20000228                        _end_noinit = .
                [!provide]                        PROVIDE (end = _end_noinit)
                [!provide]                        PROVIDE (_end = _end_noinit)
                [!provide]                        PROVIDE (__end = _end_noinit)
                [!provide]                        PROVIDE (__end__ = _end_noinit)

._check_stack   0x20000228      0x100
                0x20000328                        . = (. + _Minimum_Stack_Size)
 *fill*         0x20000228      0x100 

.b1text
 *(.b1text)
 *(.b1rodata)
 *(.b1rodata.*)

.eb0text
 *(.eb0text)
 *(.eb0rodata)
 *(.eb0rodata.*)

.eb1text
 *(.eb1text)
 *(.eb1rodata)
 *(.eb1rodata.*)

.eb2text
 *(.eb2text)
 *(.eb2rodata)
 *(.eb2rodata.*)

.eb3text
 *(.eb3text)
 *(.eb3rodata)
 *(.eb3rodata.*)

.stab
 *(.stab)

.stabstr
 *(.stabstr)

.stab.excl
 *(.stab.excl)

.stab.exclstr
 *(.stab.exclstr)

.stab.index
 *(.stab.index)

.stab.indexstr
 *(.stab.indexstr)

.comment        0x00000000       0x39
 *(.comment)
 .comment       0x00000000       0x39 ./system/src/stm32f4-hal/stm32f4xx_hal.o
                                 0x3a (size before relaxing)
 .comment       0x00000039       0x3a ./system/src/stm32f4-hal/stm32f4xx_hal_cortex.o
 .comment       0x00000039       0x3a ./system/src/stm32f4-hal/stm32f4xx_hal_rcc.o
 .comment       0x00000039       0x3a ./system/src/newlib/exit.o
 .comment       0x00000039       0x3a ./system/src/newlib/sbrk.o
 .comment       0x00000039       0x3a ./system/src/newlib/startup.o
 .comment       0x00000039       0x3a ./system/src/newlib/syscalls.o
 .comment       0x00000039       0x3a ./system/src/diag/trace-impl.o
 .comment       0x00000039       0x3a ./system/src/diag/trace.o
 .comment       0x00000039       0x3a ./system/src/cortexm/exception-handlers.o
 .comment       0x00000039       0x3a ./system/src/cortexm/initialize-hardware.o
 .comment       0x00000039       0x3a ./system/src/cmsis/system_stm32f4xx.o
 .comment       0x00000039       0x3a ./system/src/cmsis/vectors_stm32f401xc.o
 .comment       0x00000039       0x3a ./src/HIR_Program.o
 .comment       0x00000039       0x3a ./src/MEXTI_Program.o
 .comment       0x00000039       0x3a ./src/MGPIO_Program.o
 .comment       0x00000039       0x3a ./src/MNIVC_Program.o
 .comment       0x00000039       0x3a ./src/MRCC_Program.o
 .comment       0x00000039       0x3a ./src/MSYSTICK_Program.o
 .comment       0x00000039       0x3a ./src/initialize-hardware.o
 .comment       0x00000039       0x3a ./src/main.o
 .comment       0x00000039       0x3a ./src/stm32f4xx_hal_msp.o
 .comment       0x00000039       0x3a e:/iti/5_arm/winarm/armgcc/12.3.1-1.1.1/.content/bin/../lib/gcc/arm-none-eabi/12.3.1/thumb/v7e-m/nofp\libgcc.a(_udivmoddi4.o)
 .comment       0x00000039       0x3a e:/iti/5_arm/winarm/armgcc/12.3.1-1.1.1/.content/bin/../lib/gcc/arm-none-eabi/12.3.1/../../../../arm-none-eabi/lib/thumb/v7e-m/nofp\libg_nano.a(libc_a-vsnprintf.o)
 .comment       0x00000039       0x3a e:/iti/5_arm/winarm/armgcc/12.3.1-1.1.1/.content/bin/../lib/gcc/arm-none-eabi/12.3.1/../../../../arm-none-eabi/lib/thumb/v7e-m/nofp\libg_nano.a(libc_a-impure.o)
 .comment       0x00000039       0x3a e:/iti/5_arm/winarm/armgcc/12.3.1-1.1.1/.content/bin/../lib/gcc/arm-none-eabi/12.3.1/../../../../arm-none-eabi/lib/thumb/v7e-m/nofp\libg_nano.a(libc_a-errno.o)
 .comment       0x00000039       0x3a e:/iti/5_arm/winarm/armgcc/12.3.1-1.1.1/.content/bin/../lib/gcc/arm-none-eabi/12.3.1/../../../../arm-none-eabi/lib/thumb/v7e-m/nofp\libg_nano.a(libc_a-nano-svfprintf.o)
 .comment       0x00000039       0x3a e:/iti/5_arm/winarm/armgcc/12.3.1-1.1.1/.content/bin/../lib/gcc/arm-none-eabi/12.3.1/../../../../arm-none-eabi/lib/thumb/v7e-m/nofp\libg_nano.a(libc_a-nano-vfprintf_i.o)
 .comment       0x00000039       0x3a e:/iti/5_arm/winarm/armgcc/12.3.1-1.1.1/.content/bin/../lib/gcc/arm-none-eabi/12.3.1/../../../../arm-none-eabi/lib/thumb/v7e-m/nofp\libg_nano.a(libc_a-memmove.o)
 .comment       0x00000039       0x3a e:/iti/5_arm/winarm/armgcc/12.3.1-1.1.1/.content/bin/../lib/gcc/arm-none-eabi/12.3.1/../../../../arm-none-eabi/lib/thumb/v7e-m/nofp\libg_nano.a(libc_a-memcpy-stub.o)
 .comment       0x00000039       0x3a e:/iti/5_arm/winarm/armgcc/12.3.1-1.1.1/.content/bin/../lib/gcc/arm-none-eabi/12.3.1/../../../../arm-none-eabi/lib/thumb/v7e-m/nofp\libg_nano.a(libc_a-freer.o)
 .comment       0x00000039       0x3a e:/iti/5_arm/winarm/armgcc/12.3.1-1.1.1/.content/bin/../lib/gcc/arm-none-eabi/12.3.1/../../../../arm-none-eabi/lib/thumb/v7e-m/nofp\libg_nano.a(libc_a-mallocr.o)
 .comment       0x00000039       0x3a e:/iti/5_arm/winarm/armgcc/12.3.1-1.1.1/.content/bin/../lib/gcc/arm-none-eabi/12.3.1/../../../../arm-none-eabi/lib/thumb/v7e-m/nofp\libg_nano.a(libc_a-mlock.o)
 .comment       0x00000039       0x3a e:/iti/5_arm/winarm/armgcc/12.3.1-1.1.1/.content/bin/../lib/gcc/arm-none-eabi/12.3.1/../../../../arm-none-eabi/lib/thumb/v7e-m/nofp\libg_nano.a(libc_a-reallocr.o)
 .comment       0x00000039       0x3a e:/iti/5_arm/winarm/armgcc/12.3.1-1.1.1/.content/bin/../lib/gcc/arm-none-eabi/12.3.1/../../../../arm-none-eabi/lib/thumb/v7e-m/nofp\libg_nano.a(libc_a-sbrkr.o)
 .comment       0x00000039       0x3a e:/iti/5_arm/winarm/armgcc/12.3.1-1.1.1/.content/bin/../lib/gcc/arm-none-eabi/12.3.1/../../../../arm-none-eabi/lib/thumb/v7e-m/nofp\libg_nano.a(libc_a-lock.o)
 .comment       0x00000039       0x3a e:/iti/5_arm/winarm/armgcc/12.3.1-1.1.1/.content/bin/../lib/gcc/arm-none-eabi/12.3.1/../../../../arm-none-eabi/lib/thumb/v7e-m/nofp\libg_nano.a(libc_a-msizer.o)

.ARM.attributes
                0x00000000       0x2c
 .ARM.attributes
                0x00000000       0x2e ./system/src/stm32f4-hal/stm32f4xx_hal.o
 .ARM.attributes
                0x0000002e       0x2e ./system/src/stm32f4-hal/stm32f4xx_hal_cortex.o
 .ARM.attributes
                0x0000005c       0x2e ./system/src/stm32f4-hal/stm32f4xx_hal_rcc.o
 .ARM.attributes
                0x0000008a       0x2e ./system/src/newlib/exit.o
 .ARM.attributes
                0x000000b8       0x2e ./system/src/newlib/sbrk.o
 .ARM.attributes
                0x000000e6       0x2e ./system/src/newlib/startup.o
 .ARM.attributes
                0x00000114       0x2e ./system/src/newlib/syscalls.o
 .ARM.attributes
                0x00000142       0x2e ./system/src/diag/trace-impl.o
 .ARM.attributes
                0x00000170       0x2e ./system/src/diag/trace.o
 .ARM.attributes
                0x0000019e       0x2e ./system/src/cortexm/exception-handlers.o
 .ARM.attributes
                0x000001cc       0x2e ./system/src/cortexm/initialize-hardware.o
 .ARM.attributes
                0x000001fa       0x2e ./system/src/cmsis/system_stm32f4xx.o
 .ARM.attributes
                0x00000228       0x2e ./system/src/cmsis/vectors_stm32f401xc.o
 .ARM.attributes
                0x00000256       0x2e ./src/HIR_Program.o
 .ARM.attributes
                0x00000284       0x2e ./src/MEXTI_Program.o
 .ARM.attributes
                0x000002b2       0x2e ./src/MGPIO_Program.o
 .ARM.attributes
                0x000002e0       0x2e ./src/MNIVC_Program.o
 .ARM.attributes
                0x0000030e       0x2e ./src/MRCC_Program.o
 .ARM.attributes
                0x0000033c       0x2e ./src/MSYSTICK_Program.o
 .ARM.attributes
                0x0000036a       0x2e ./src/initialize-hardware.o
 .ARM.attributes
                0x00000398       0x2e ./src/main.o
 .ARM.attributes
                0x000003c6       0x2e ./src/stm32f4xx_hal_msp.o
 .ARM.attributes
                0x000003f4       0x1e e:/iti/5_arm/winarm/armgcc/12.3.1-1.1.1/.content/bin/../lib/gcc/arm-none-eabi/12.3.1/thumb/v7e-m/nofp\libgcc.a(_aeabi_uldivmod.o)
 .ARM.attributes
                0x00000412       0x2e e:/iti/5_arm/winarm/armgcc/12.3.1-1.1.1/.content/bin/../lib/gcc/arm-none-eabi/12.3.1/thumb/v7e-m/nofp\libgcc.a(_udivmoddi4.o)
 .ARM.attributes
                0x00000440       0x1e e:/iti/5_arm/winarm/armgcc/12.3.1-1.1.1/.content/bin/../lib/gcc/arm-none-eabi/12.3.1/thumb/v7e-m/nofp\libgcc.a(_dvmd_tls.o)
 .ARM.attributes
                0x0000045e       0x2e e:/iti/5_arm/winarm/armgcc/12.3.1-1.1.1/.content/bin/../lib/gcc/arm-none-eabi/12.3.1/../../../../arm-none-eabi/lib/thumb/v7e-m/nofp\libg_nano.a(libc_a-vsnprintf.o)
 .ARM.attributes
                0x0000048c       0x2e e:/iti/5_arm/winarm/armgcc/12.3.1-1.1.1/.content/bin/../lib/gcc/arm-none-eabi/12.3.1/../../../../arm-none-eabi/lib/thumb/v7e-m/nofp\libg_nano.a(libc_a-impure.o)
 .ARM.attributes
                0x000004ba       0x2e e:/iti/5_arm/winarm/armgcc/12.3.1-1.1.1/.content/bin/../lib/gcc/arm-none-eabi/12.3.1/../../../../arm-none-eabi/lib/thumb/v7e-m/nofp\libg_nano.a(libc_a-errno.o)
 .ARM.attributes
                0x000004e8       0x17 e:/iti/5_arm/winarm/armgcc/12.3.1-1.1.1/.content/bin/../lib/gcc/arm-none-eabi/12.3.1/../../../../arm-none-eabi/lib/thumb/v7e-m/nofp\libg_nano.a(libc_a-strlen.o)
 .ARM.attributes
                0x000004ff       0x2e e:/iti/5_arm/winarm/armgcc/12.3.1-1.1.1/.content/bin/../lib/gcc/arm-none-eabi/12.3.1/../../../../arm-none-eabi/lib/thumb/v7e-m/nofp\libg_nano.a(libc_a-nano-svfprintf.o)
 .ARM.attributes
                0x0000052d       0x2e e:/iti/5_arm/winarm/armgcc/12.3.1-1.1.1/.content/bin/../lib/gcc/arm-none-eabi/12.3.1/../../../../arm-none-eabi/lib/thumb/v7e-m/nofp\libg_nano.a(libc_a-nano-vfprintf_i.o)
 .ARM.attributes
                0x0000055b       0x2e e:/iti/5_arm/winarm/armgcc/12.3.1-1.1.1/.content/bin/../lib/gcc/arm-none-eabi/12.3.1/../../../../arm-none-eabi/lib/thumb/v7e-m/nofp\libg_nano.a(libc_a-memmove.o)
 .ARM.attributes
                0x00000589       0x1c e:/iti/5_arm/winarm/armgcc/12.3.1-1.1.1/.content/bin/../lib/gcc/arm-none-eabi/12.3.1/../../../../arm-none-eabi/lib/thumb/v7e-m/nofp\libg_nano.a(libc_a-memchr.o)
 .ARM.attributes
                0x000005a5       0x2e e:/iti/5_arm/winarm/armgcc/12.3.1-1.1.1/.content/bin/../lib/gcc/arm-none-eabi/12.3.1/../../../../arm-none-eabi/lib/thumb/v7e-m/nofp\libg_nano.a(libc_a-memcpy-stub.o)
 .ARM.attributes
                0x000005d3       0x2e e:/iti/5_arm/winarm/armgcc/12.3.1-1.1.1/.content/bin/../lib/gcc/arm-none-eabi/12.3.1/../../../../arm-none-eabi/lib/thumb/v7e-m/nofp\libg_nano.a(libc_a-freer.o)
 .ARM.attributes
                0x00000601       0x2e e:/iti/5_arm/winarm/armgcc/12.3.1-1.1.1/.content/bin/../lib/gcc/arm-none-eabi/12.3.1/../../../../arm-none-eabi/lib/thumb/v7e-m/nofp\libg_nano.a(libc_a-mallocr.o)
 .ARM.attributes
                0x0000062f       0x2e e:/iti/5_arm/winarm/armgcc/12.3.1-1.1.1/.content/bin/../lib/gcc/arm-none-eabi/12.3.1/../../../../arm-none-eabi/lib/thumb/v7e-m/nofp\libg_nano.a(libc_a-mlock.o)
 .ARM.attributes
                0x0000065d       0x2e e:/iti/5_arm/winarm/armgcc/12.3.1-1.1.1/.content/bin/../lib/gcc/arm-none-eabi/12.3.1/../../../../arm-none-eabi/lib/thumb/v7e-m/nofp\libg_nano.a(libc_a-reallocr.o)
 .ARM.attributes
                0x0000068b       0x2e e:/iti/5_arm/winarm/armgcc/12.3.1-1.1.1/.content/bin/../lib/gcc/arm-none-eabi/12.3.1/../../../../arm-none-eabi/lib/thumb/v7e-m/nofp\libg_nano.a(libc_a-sbrkr.o)
 .ARM.attributes
                0x000006b9       0x2e e:/iti/5_arm/winarm/armgcc/12.3.1-1.1.1/.content/bin/../lib/gcc/arm-none-eabi/12.3.1/../../../../arm-none-eabi/lib/thumb/v7e-m/nofp\libg_nano.a(libc_a-lock.o)
 .ARM.attributes
                0x000006e7       0x2e e:/iti/5_arm/winarm/armgcc/12.3.1-1.1.1/.content/bin/../lib/gcc/arm-none-eabi/12.3.1/../../../../arm-none-eabi/lib/thumb/v7e-m/nofp\libg_nano.a(libc_a-msizer.o)

.debug
 *(.debug)

.line
 *(.line)

.debug_srcinfo
 *(.debug_srcinfo)

.debug_sfnames
 *(.debug_sfnames)

.debug_aranges  0x00000000      0x790
 *(.debug_aranges)
 .debug_aranges
                0x00000000       0xf0 ./system/src/stm32f4-hal/stm32f4xx_hal.o
 .debug_aranges
                0x000000f0       0xd8 ./system/src/stm32f4-hal/stm32f4xx_hal_cortex.o
 .debug_aranges
                0x000001c8       0x88 ./system/src/stm32f4-hal/stm32f4xx_hal_rcc.o
 .debug_aranges
                0x00000250       0x28 ./system/src/newlib/exit.o
 .debug_aranges
                0x00000278       0x20 ./system/src/newlib/sbrk.o
 .debug_aranges
                0x00000298       0x40 ./system/src/newlib/startup.o
 .debug_aranges
                0x000002d8       0x30 ./system/src/newlib/syscalls.o
 .debug_aranges
                0x00000308       0x30 ./system/src/diag/trace-impl.o
 .debug_aranges
                0x00000338       0x38 ./system/src/diag/trace.o
 .debug_aranges
                0x00000370       0x90 ./system/src/cortexm/exception-handlers.o
 .debug_aranges
                0x00000400       0x28 ./system/src/cortexm/initialize-hardware.o
 .debug_aranges
                0x00000428       0x28 ./system/src/cmsis/system_stm32f4xx.o
 .debug_aranges
                0x00000450       0x20 ./system/src/cmsis/vectors_stm32f401xc.o
 .debug_aranges
                0x00000470       0x28 ./src/HIR_Program.o
 .debug_aranges
                0x00000498       0xc8 ./src/MEXTI_Program.o
 .debug_aranges
                0x00000560       0x58 ./src/MGPIO_Program.o
 .debug_aranges
                0x000005b8       0x50 ./src/MNIVC_Program.o
 .debug_aranges
                0x00000608       0x30 ./src/MRCC_Program.o
 .debug_aranges
                0x00000638       0x70 ./src/MSYSTICK_Program.o
 .debug_aranges
                0x000006a8       0x30 ./src/initialize-hardware.o
 .debug_aranges
                0x000006d8       0x20 ./src/main.o
 .debug_aranges
                0x000006f8       0x38 ./src/stm32f4xx_hal_msp.o
 .debug_aranges
                0x00000730       0x20 e:/iti/5_arm/winarm/armgcc/12.3.1-1.1.1/.content/bin/../lib/gcc/arm-none-eabi/12.3.1/thumb/v7e-m/nofp\libgcc.a(_aeabi_uldivmod.o)
 .debug_aranges
                0x00000750       0x20 e:/iti/5_arm/winarm/armgcc/12.3.1-1.1.1/.content/bin/../lib/gcc/arm-none-eabi/12.3.1/thumb/v7e-m/nofp\libgcc.a(_udivmoddi4.o)
 .debug_aranges
                0x00000770       0x20 e:/iti/5_arm/winarm/armgcc/12.3.1-1.1.1/.content/bin/../lib/gcc/arm-none-eabi/12.3.1/thumb/v7e-m/nofp\libgcc.a(_dvmd_tls.o)

.debug_pubnames
 *(.debug_pubnames)

.debug_info     0x00000000     0x6ddf
 *(.debug_info .gnu.linkonce.wi.*)
 .debug_info    0x00000000      0x9a0 ./system/src/stm32f4-hal/stm32f4xx_hal.o
 .debug_info    0x000009a0     0x115a ./system/src/stm32f4-hal/stm32f4xx_hal_cortex.o
 .debug_info    0x00001afa      0xd2f ./system/src/stm32f4-hal/stm32f4xx_hal_rcc.o
 .debug_info    0x00002829      0x104 ./system/src/newlib/exit.o
 .debug_info    0x0000292d      0x10f ./system/src/newlib/sbrk.o
 .debug_info    0x00002a3c      0x54f ./system/src/newlib/startup.o
 .debug_info    0x00002f8b      0x1c3 ./system/src/newlib/syscalls.o
 .debug_info    0x0000314e      0x319 ./system/src/diag/trace-impl.o
 .debug_info    0x00003467      0x34b ./system/src/diag/trace.o
 .debug_info    0x000037b2      0x91e ./system/src/cortexm/exception-handlers.o
 .debug_info    0x000040d0      0x278 ./system/src/cortexm/initialize-hardware.o
 .debug_info    0x00004348      0x53d ./system/src/cmsis/system_stm32f4xx.o
 .debug_info    0x00004885      0x10b ./system/src/cmsis/vectors_stm32f401xc.o
 .debug_info    0x00004990      0x1c9 ./src/HIR_Program.o
 .debug_info    0x00004b59      0x481 ./src/MEXTI_Program.o
 .debug_info    0x00004fda      0x3e0 ./src/MGPIO_Program.o
 .debug_info    0x000053ba      0x32e ./src/MNIVC_Program.o
 .debug_info    0x000056e8      0x28d ./src/MRCC_Program.o
 .debug_info    0x00005975      0x28b ./src/MSYSTICK_Program.o
 .debug_info    0x00005c00      0x5ba ./src/initialize-hardware.o
 .debug_info    0x000061ba      0x410 ./src/main.o
 .debug_info    0x000065ca       0xb8 ./src/stm32f4xx_hal_msp.o
 .debug_info    0x00006682       0x24 e:/iti/5_arm/winarm/armgcc/12.3.1-1.1.1/.content/bin/../lib/gcc/arm-none-eabi/12.3.1/thumb/v7e-m/nofp\libgcc.a(_aeabi_uldivmod.o)
 .debug_info    0x000066a6      0x6fd e:/iti/5_arm/winarm/armgcc/12.3.1-1.1.1/.content/bin/../lib/gcc/arm-none-eabi/12.3.1/thumb/v7e-m/nofp\libgcc.a(_udivmoddi4.o)
 .debug_info    0x00006da3       0x3c e:/iti/5_arm/winarm/armgcc/12.3.1-1.1.1/.content/bin/../lib/gcc/arm-none-eabi/12.3.1/thumb/v7e-m/nofp\libgcc.a(_dvmd_tls.o)

.debug_abbrev   0x00000000     0x23b0
 *(.debug_abbrev)
 .debug_abbrev  0x00000000      0x280 ./system/src/stm32f4-hal/stm32f4xx_hal.o
 .debug_abbrev  0x00000280      0x400 ./system/src/stm32f4-hal/stm32f4xx_hal_cortex.o
 .debug_abbrev  0x00000680      0x2dc ./system/src/stm32f4-hal/stm32f4xx_hal_rcc.o
 .debug_abbrev  0x0000095c       0xc5 ./system/src/newlib/exit.o
 .debug_abbrev  0x00000a21       0xcc ./system/src/newlib/sbrk.o
 .debug_abbrev  0x00000aed      0x25a ./system/src/newlib/startup.o
 .debug_abbrev  0x00000d47      0x118 ./system/src/newlib/syscalls.o
 .debug_abbrev  0x00000e5f      0x1e6 ./system/src/diag/trace-impl.o
 .debug_abbrev  0x00001045      0x184 ./system/src/diag/trace.o
 .debug_abbrev  0x000011c9      0x28c ./system/src/cortexm/exception-handlers.o
 .debug_abbrev  0x00001455      0x105 ./system/src/cortexm/initialize-hardware.o
 .debug_abbrev  0x0000155a      0x121 ./system/src/cmsis/system_stm32f4xx.o
 .debug_abbrev  0x0000167b       0xb8 ./system/src/cmsis/vectors_stm32f401xc.o
 .debug_abbrev  0x00001733      0x12f ./src/HIR_Program.o
 .debug_abbrev  0x00001862      0x16e ./src/MEXTI_Program.o
 .debug_abbrev  0x000019d0      0x13c ./src/MGPIO_Program.o
 .debug_abbrev  0x00001b0c      0x148 ./src/MNIVC_Program.o
 .debug_abbrev  0x00001c54       0xbe ./src/MRCC_Program.o
 .debug_abbrev  0x00001d12      0x15e ./src/MSYSTICK_Program.o
 .debug_abbrev  0x00001e70      0x216 ./src/initialize-hardware.o
 .debug_abbrev  0x00002086      0x13f ./src/main.o
 .debug_abbrev  0x000021c5       0x47 ./src/stm32f4xx_hal_msp.o
 .debug_abbrev  0x0000220c       0x14 e:/iti/5_arm/winarm/armgcc/12.3.1-1.1.1/.content/bin/../lib/gcc/arm-none-eabi/12.3.1/thumb/v7e-m/nofp\libgcc.a(_aeabi_uldivmod.o)
 .debug_abbrev  0x00002220      0x16a e:/iti/5_arm/winarm/armgcc/12.3.1-1.1.1/.content/bin/../lib/gcc/arm-none-eabi/12.3.1/thumb/v7e-m/nofp\libgcc.a(_udivmoddi4.o)
 .debug_abbrev  0x0000238a       0x26 e:/iti/5_arm/winarm/armgcc/12.3.1-1.1.1/.content/bin/../lib/gcc/arm-none-eabi/12.3.1/thumb/v7e-m/nofp\libgcc.a(_dvmd_tls.o)

.debug_line     0x00000000     0x99de
 *(.debug_line)
 .debug_line    0x00000000      0xb6e ./system/src/stm32f4-hal/stm32f4xx_hal.o
 .debug_line    0x00000b6e      0xfee ./system/src/stm32f4-hal/stm32f4xx_hal_cortex.o
 .debug_line    0x00001b5c     0x1213 ./system/src/stm32f4-hal/stm32f4xx_hal_rcc.o
 .debug_line    0x00002d6f      0x34e ./system/src/newlib/exit.o
 .debug_line    0x000030bd      0x33f ./system/src/newlib/sbrk.o
 .debug_line    0x000033fc      0x5c9 ./system/src/newlib/startup.o
 .debug_line    0x000039c5      0x466 ./system/src/newlib/syscalls.o
 .debug_line    0x00003e2b      0xb41 ./system/src/diag/trace-impl.o
 .debug_line    0x0000496c      0x429 ./system/src/diag/trace.o
 .debug_line    0x00004d95      0xd89 ./system/src/cortexm/exception-handlers.o
 .debug_line    0x00005b1e      0x830 ./system/src/cortexm/initialize-hardware.o
 .debug_line    0x0000634e      0x8c2 ./system/src/cmsis/system_stm32f4xx.o
 .debug_line    0x00006c10      0x114 ./system/src/cmsis/vectors_stm32f401xc.o
 .debug_line    0x00006d24      0x1d3 ./src/HIR_Program.o
 .debug_line    0x00006ef7      0x406 ./src/MEXTI_Program.o
 .debug_line    0x000072fd      0x69f ./src/MGPIO_Program.o
 .debug_line    0x0000799c      0x1db ./src/MNIVC_Program.o
 .debug_line    0x00007b77      0x14b ./src/MRCC_Program.o
 .debug_line    0x00007cc2      0x284 ./src/MSYSTICK_Program.o
 .debug_line    0x00007f46      0xb04 ./src/initialize-hardware.o
 .debug_line    0x00008a4a      0x12b ./src/main.o
 .debug_line    0x00008b75      0x820 ./src/stm32f4xx_hal_msp.o
 .debug_line    0x00009395       0x4e e:/iti/5_arm/winarm/armgcc/12.3.1-1.1.1/.content/bin/../lib/gcc/arm-none-eabi/12.3.1/thumb/v7e-m/nofp\libgcc.a(_aeabi_uldivmod.o)
 .debug_line    0x000093e3      0x5b1 e:/iti/5_arm/winarm/armgcc/12.3.1-1.1.1/.content/bin/../lib/gcc/arm-none-eabi/12.3.1/thumb/v7e-m/nofp\libgcc.a(_udivmoddi4.o)
 .debug_line    0x00009994       0x4a e:/iti/5_arm/winarm/armgcc/12.3.1-1.1.1/.content/bin/../lib/gcc/arm-none-eabi/12.3.1/thumb/v7e-m/nofp\libgcc.a(_dvmd_tls.o)

.debug_frame    0x00000000      0xf90
 *(.debug_frame)
 .debug_frame   0x00000000      0x1f0 ./system/src/stm32f4-hal/stm32f4xx_hal.o
 .debug_frame   0x000001f0      0x214 ./system/src/stm32f4-hal/stm32f4xx_hal_cortex.o
 .debug_frame   0x00000404      0x16c ./system/src/stm32f4-hal/stm32f4xx_hal_rcc.o
 .debug_frame   0x00000570       0x38 ./system/src/newlib/exit.o
 .debug_frame   0x000005a8       0x28 ./system/src/newlib/sbrk.o
 .debug_frame   0x000005d0       0x7c ./system/src/newlib/startup.o
 .debug_frame   0x0000064c       0x50 ./system/src/newlib/syscalls.o
 .debug_frame   0x0000069c       0x64 ./system/src/diag/trace-impl.o
 .debug_frame   0x00000700       0x94 ./system/src/diag/trace.o
 .debug_frame   0x00000794      0x158 ./system/src/cortexm/exception-handlers.o
 .debug_frame   0x000008ec       0x40 ./system/src/cortexm/initialize-hardware.o
 .debug_frame   0x0000092c       0x30 ./system/src/cmsis/system_stm32f4xx.o
 .debug_frame   0x0000095c       0x20 ./system/src/cmsis/vectors_stm32f401xc.o
 .debug_frame   0x0000097c       0x44 ./src/HIR_Program.o
 .debug_frame   0x000009c0      0x204 ./src/MEXTI_Program.o
 .debug_frame   0x00000bc4       0xcc ./src/MGPIO_Program.o
 .debug_frame   0x00000c90       0xa4 ./src/MNIVC_Program.o
 .debug_frame   0x00000d34       0x40 ./src/MRCC_Program.o
 .debug_frame   0x00000d74       0xe0 ./src/MSYSTICK_Program.o
 .debug_frame   0x00000e54       0x64 ./src/initialize-hardware.o
 .debug_frame   0x00000eb8       0x28 ./src/main.o
 .debug_frame   0x00000ee0       0x50 ./src/stm32f4xx_hal_msp.o
 .debug_frame   0x00000f30       0x2c e:/iti/5_arm/winarm/armgcc/12.3.1-1.1.1/.content/bin/../lib/gcc/arm-none-eabi/12.3.1/thumb/v7e-m/nofp\libgcc.a(_aeabi_uldivmod.o)
 .debug_frame   0x00000f5c       0x34 e:/iti/5_arm/winarm/armgcc/12.3.1-1.1.1/.content/bin/../lib/gcc/arm-none-eabi/12.3.1/thumb/v7e-m/nofp\libgcc.a(_udivmoddi4.o)

.debug_str      0x00000000    0xaabb4
 *(.debug_str)
 .debug_str     0x00000000    0xa076e ./system/src/stm32f4-hal/stm32f4xx_hal.o
                              0xa0b79 (size before relaxing)
 .debug_str     0x000a076e      0x3a7 ./system/src/stm32f4-hal/stm32f4xx_hal_cortex.o
                              0xa0887 (size before relaxing)
 .debug_str     0x000a0b15      0x417 ./system/src/stm32f4-hal/stm32f4xx_hal_rcc.o
                              0xa0574 (size before relaxing)
 .debug_str     0x000a0f2c     0x4995 ./system/src/newlib/exit.o
                               0x7bd4 (size before relaxing)
 .debug_str     0x000a58c1      0x4df ./system/src/newlib/sbrk.o
                               0x6fb7 (size before relaxing)
 .debug_str     0x000a5da0      0x2c6 ./system/src/newlib/startup.o
                               0x66c9 (size before relaxing)
 .debug_str     0x000a6066     0x1513 ./system/src/newlib/syscalls.o
                               0x8f46 (size before relaxing)
 .debug_str     0x000a7579      0x387 ./system/src/diag/trace-impl.o
                              0xa3a7e (size before relaxing)
 .debug_str     0x000a7900      0x7f6 ./system/src/diag/trace.o
                               0x8348 (size before relaxing)
 .debug_str     0x000a80f6      0x19d ./system/src/cortexm/exception-handlers.o
                              0xa4d54 (size before relaxing)
 .debug_str     0x000a8293       0x5d ./system/src/cortexm/initialize-hardware.o
                              0xa005e (size before relaxing)
 .debug_str     0x000a82f0       0x46 ./system/src/cmsis/system_stm32f4xx.o
                              0xa015e (size before relaxing)
 .debug_str     0x000a8336       0x59 ./system/src/cmsis/vectors_stm32f401xc.o
                               0x39d9 (size before relaxing)
 .debug_str     0x000a838f      0xc16 ./src/HIR_Program.o
                               0x3a92 (size before relaxing)
 .debug_str     0x000a8fa5      0x47b ./src/MEXTI_Program.o
                               0x3582 (size before relaxing)
 .debug_str     0x000a9420      0x338 ./src/MGPIO_Program.o
                               0x369c (size before relaxing)
 .debug_str     0x000a9758      0x23d ./src/MNIVC_Program.o
                               0x33ed (size before relaxing)
 .debug_str     0x000a9995      0x687 ./src/MRCC_Program.o
                               0x3bb4 (size before relaxing)
 .debug_str     0x000aa01c      0x367 ./src/MSYSTICK_Program.o
                               0x342d (size before relaxing)
 .debug_str     0x000aa383       0x35 ./src/initialize-hardware.o
                              0xa3a4d (size before relaxing)
 .debug_str     0x000aa3b8       0x47 ./src/main.o
                               0x3dad (size before relaxing)
 .debug_str     0x000aa3ff       0x3d ./src/stm32f4xx_hal_msp.o
                              0x9ff9e (size before relaxing)
 .debug_str     0x000aa43c      0x11d e:/iti/5_arm/winarm/armgcc/12.3.1-1.1.1/.content/bin/../lib/gcc/arm-none-eabi/12.3.1/thumb/v7e-m/nofp\libgcc.a(_aeabi_uldivmod.o)
 .debug_str     0x000aa559      0x5d0 e:/iti/5_arm/winarm/armgcc/12.3.1-1.1.1/.content/bin/../lib/gcc/arm-none-eabi/12.3.1/thumb/v7e-m/nofp\libgcc.a(_udivmoddi4.o)
                                0x724 (size before relaxing)
 .debug_str     0x000aab29       0x8b e:/iti/5_arm/winarm/armgcc/12.3.1-1.1.1/.content/bin/../lib/gcc/arm-none-eabi/12.3.1/thumb/v7e-m/nofp\libgcc.a(_dvmd_tls.o)
                                0x13d (size before relaxing)

.debug_loc
 *(.debug_loc)

.debug_macinfo
 *(.debug_macinfo)

.debug_weaknames
 *(.debug_weaknames)

.debug_funcnames
 *(.debug_funcnames)

.debug_typenames
 *(.debug_typenames)

.debug_varnames
 *(.debug_varnames)
OUTPUT(Ass_IR.elf elf32-littlearm)
LOAD linker stubs

.debug_loclists
                0x00000000     0x2331
 .debug_loclists
                0x00000000       0xbe ./system/src/stm32f4-hal/stm32f4xx_hal.o
 .debug_loclists
                0x000000be      0x4ce ./system/src/stm32f4-hal/stm32f4xx_hal_cortex.o
 .debug_loclists
                0x0000058c      0x3a8 ./system/src/stm32f4-hal/stm32f4xx_hal_rcc.o
 .debug_loclists
                0x00000934       0x17 ./system/src/newlib/exit.o
 .debug_loclists
                0x0000094b       0x69 ./system/src/newlib/sbrk.o
 .debug_loclists
                0x000009b4      0x2b7 ./system/src/newlib/startup.o
 .debug_loclists
                0x00000c6b       0x51 ./system/src/newlib/syscalls.o
 .debug_loclists
                0x00000cbc       0xf5 ./system/src/diag/trace-impl.o
 .debug_loclists
                0x00000db1       0xb2 ./system/src/diag/trace.o
 .debug_loclists
                0x00000e63      0x203 ./system/src/cortexm/exception-handlers.o
 .debug_loclists
                0x00001066       0xdb ./system/src/cmsis/system_stm32f4xx.o
 .debug_loclists
                0x00001141       0x21 ./src/HIR_Program.o
 .debug_loclists
                0x00001162       0xac ./src/MEXTI_Program.o
 .debug_loclists
                0x0000120e      0x45c ./src/MGPIO_Program.o
 .debug_loclists
                0x0000166a      0x1a7 ./src/MNIVC_Program.o
 .debug_loclists
                0x00001811       0xa0 ./src/MRCC_Program.o
 .debug_loclists
                0x000018b1       0xb4 ./src/MSYSTICK_Program.o
 .debug_loclists
                0x00001965       0x48 ./src/initialize-hardware.o
 .debug_loclists
                0x000019ad      0x984 e:/iti/5_arm/winarm/armgcc/12.3.1-1.1.1/.content/bin/../lib/gcc/arm-none-eabi/12.3.1/thumb/v7e-m/nofp\libgcc.a(_udivmoddi4.o)

.debug_rnglists
                0x00000000      0x629
 .debug_rnglists
                0x00000000       0xaf ./system/src/stm32f4-hal/stm32f4xx_hal.o
 .debug_rnglists
                0x000000af       0xda ./system/src/stm32f4-hal/stm32f4xx_hal_cortex.o
 .debug_rnglists
                0x00000189       0x75 ./system/src/stm32f4-hal/stm32f4xx_hal_rcc.o
 .debug_rnglists
                0x000001fe       0x19 ./system/src/newlib/exit.o
 .debug_rnglists
                0x00000217       0x13 ./system/src/newlib/sbrk.o
 .debug_rnglists
                0x0000022a       0x50 ./system/src/newlib/startup.o
 .debug_rnglists
                0x0000027a       0x1f ./system/src/newlib/syscalls.o
 .debug_rnglists
                0x00000299       0x2b ./system/src/diag/trace-impl.o
 .debug_rnglists
                0x000002c4       0x25 ./system/src/diag/trace.o
 .debug_rnglists
                0x000002e9       0x74 ./system/src/cortexm/exception-handlers.o
 .debug_rnglists
                0x0000035d       0x19 ./system/src/cortexm/initialize-hardware.o
 .debug_rnglists
                0x00000376       0x1a ./system/src/cmsis/system_stm32f4xx.o
 .debug_rnglists
                0x00000390       0x13 ./system/src/cmsis/vectors_stm32f401xc.o
 .debug_rnglists
                0x000003a3       0x1a ./src/HIR_Program.o
 .debug_rnglists
                0x000003bd       0x91 ./src/MEXTI_Program.o
 .debug_rnglists
                0x0000044e       0x42 ./src/MGPIO_Program.o
 .debug_rnglists
                0x00000490       0x38 ./src/MNIVC_Program.o
 .debug_rnglists
                0x000004c8       0x1f ./src/MRCC_Program.o
 .debug_rnglists
                0x000004e7       0x4f ./src/MSYSTICK_Program.o
 .debug_rnglists
                0x00000536       0x20 ./src/initialize-hardware.o
 .debug_rnglists
                0x00000556       0x13 ./src/main.o
 .debug_rnglists
                0x00000569       0x25 ./src/stm32f4xx_hal_msp.o
 .debug_rnglists
                0x0000058e       0x9b e:/iti/5_arm/winarm/armgcc/12.3.1-1.1.1/.content/bin/../lib/gcc/arm-none-eabi/12.3.1/thumb/v7e-m/nofp\libgcc.a(_udivmoddi4.o)

.debug_macro    0x00000000    0x1baaf
 .debug_macro   0x00000000      0x3e6 ./system/src/stm32f4-hal/stm32f4xx_hal.o
 .debug_macro   0x000003e6      0xaba ./system/src/stm32f4-hal/stm32f4xx_hal.o
 .debug_macro   0x00000ea0      0x3a2 ./system/src/stm32f4-hal/stm32f4xx_hal.o
 .debug_macro   0x00001242       0x2e ./system/src/stm32f4-hal/stm32f4xx_hal.o
 .debug_macro   0x00001270       0x28 ./system/src/stm32f4-hal/stm32f4xx_hal.o
 .debug_macro   0x00001298      0x34e ./system/src/stm32f4-hal/stm32f4xx_hal.o
 .debug_macro   0x000015e6       0x1c ./system/src/stm32f4-hal/stm32f4xx_hal.o
 .debug_macro   0x00001602       0x22 ./system/src/stm32f4-hal/stm32f4xx_hal.o
 .debug_macro   0x00001624       0xd9 ./system/src/stm32f4-hal/stm32f4xx_hal.o
 .debug_macro   0x000016fd     0x102d ./system/src/stm32f4-hal/stm32f4xx_hal.o
 .debug_macro   0x0000272a      0x11f ./system/src/stm32f4-hal/stm32f4xx_hal.o
 .debug_macro   0x00002849     0xb850 ./system/src/stm32f4-hal/stm32f4xx_hal.o
 .debug_macro   0x0000e099       0x43 ./system/src/stm32f4-hal/stm32f4xx_hal.o
 .debug_macro   0x0000e0dc     0x3659 ./system/src/stm32f4-hal/stm32f4xx_hal.o
 .debug_macro   0x00011735      0x189 ./system/src/stm32f4-hal/stm32f4xx_hal.o
 .debug_macro   0x000118be       0x5a ./system/src/stm32f4-hal/stm32f4xx_hal.o
 .debug_macro   0x00011918      0x416 ./system/src/stm32f4-hal/stm32f4xx_hal.o
 .debug_macro   0x00011d2e      0x9fe ./system/src/stm32f4-hal/stm32f4xx_hal.o
 .debug_macro   0x0001272c      0x117 ./system/src/stm32f4-hal/stm32f4xx_hal.o
 .debug_macro   0x00012843       0xf8 ./system/src/stm32f4-hal/stm32f4xx_hal.o
 .debug_macro   0x0001293b       0x27 ./system/src/stm32f4-hal/stm32f4xx_hal.o
 .debug_macro   0x00012962      0x15f ./system/src/stm32f4-hal/stm32f4xx_hal.o
 .debug_macro   0x00012ac1      0x287 ./system/src/stm32f4-hal/stm32f4xx_hal.o
 .debug_macro   0x00012d48       0x5f ./system/src/stm32f4-hal/stm32f4xx_hal.o
 .debug_macro   0x00012da7      0x236 ./system/src/stm32f4-hal/stm32f4xx_hal.o
 .debug_macro   0x00012fdd      0x391 ./system/src/stm32f4-hal/stm32f4xx_hal.o
 .debug_macro   0x0001336e      0x176 ./system/src/stm32f4-hal/stm32f4xx_hal.o
 .debug_macro   0x000134e4       0xf9 ./system/src/stm32f4-hal/stm32f4xx_hal.o
 .debug_macro   0x000135dd       0x22 ./system/src/stm32f4-hal/stm32f4xx_hal.o
 .debug_macro   0x000135ff      0x132 ./system/src/stm32f4-hal/stm32f4xx_hal.o
 .debug_macro   0x00013731      0x23a ./system/src/stm32f4-hal/stm32f4xx_hal.o
 .debug_macro   0x0001396b       0x2e ./system/src/stm32f4-hal/stm32f4xx_hal.o
 .debug_macro   0x00013999      0x1b5 ./system/src/stm32f4-hal/stm32f4xx_hal.o
 .debug_macro   0x00013b4e       0x22 ./system/src/stm32f4-hal/stm32f4xx_hal.o
 .debug_macro   0x00013b70       0xd6 ./system/src/stm32f4-hal/stm32f4xx_hal.o
 .debug_macro   0x00013c46      0x279 ./system/src/stm32f4-hal/stm32f4xx_hal.o
 .debug_macro   0x00013ebf      0x1a7 ./system/src/stm32f4-hal/stm32f4xx_hal.o
 .debug_macro   0x00014066       0x46 ./system/src/stm32f4-hal/stm32f4xx_hal.o
 .debug_macro   0x000140ac       0x4a ./system/src/stm32f4-hal/stm32f4xx_hal.o
 .debug_macro   0x000140f6       0x78 ./system/src/stm32f4-hal/stm32f4xx_hal.o
 .debug_macro   0x0001416e      0x11a ./system/src/stm32f4-hal/stm32f4xx_hal.o
 .debug_macro   0x00014288       0x85 ./system/src/stm32f4-hal/stm32f4xx_hal.o
 .debug_macro   0x0001430d       0x89 ./system/src/stm32f4-hal/stm32f4xx_hal.o
 .debug_macro   0x00014396      0x31a ./system/src/stm32f4-hal/stm32f4xx_hal.o
 .debug_macro   0x000146b0      0x405 ./system/src/stm32f4-hal/stm32f4xx_hal.o
 .debug_macro   0x00014ab5       0xe4 ./system/src/stm32f4-hal/stm32f4xx_hal.o
 .debug_macro   0x00014b99      0x861 ./system/src/stm32f4-hal/stm32f4xx_hal.o
 .debug_macro   0x000153fa      0x1d5 ./system/src/stm32f4-hal/stm32f4xx_hal.o
 .debug_macro   0x000155cf      0x225 ./system/src/stm32f4-hal/stm32f4xx_hal.o
 .debug_macro   0x000157f4      0x8a0 ./system/src/stm32f4-hal/stm32f4xx_hal.o
 .debug_macro   0x00016094       0x47 ./system/src/stm32f4-hal/stm32f4xx_hal.o
 .debug_macro   0x000160db      0x287 ./system/src/stm32f4-hal/stm32f4xx_hal.o
 .debug_macro   0x00016362      0x217 ./system/src/stm32f4-hal/stm32f4xx_hal.o
 .debug_macro   0x00016579      0x1b5 ./system/src/stm32f4-hal/stm32f4xx_hal.o
 .debug_macro   0x0001672e      0x2db ./system/src/stm32f4-hal/stm32f4xx_hal.o
 .debug_macro   0x00016a09       0x8d ./system/src/stm32f4-hal/stm32f4xx_hal.o
 .debug_macro   0x00016a96      0x21e ./system/src/stm32f4-hal/stm32f4xx_hal.o
 .debug_macro   0x00016cb4       0xba ./system/src/stm32f4-hal/stm32f4xx_hal.o
 .debug_macro   0x00016d6e       0x6e ./system/src/stm32f4-hal/stm32f4xx_hal.o
 .debug_macro   0x00016ddc      0x1e9 ./system/src/stm32f4-hal/stm32f4xx_hal.o
 .debug_macro   0x00016fc5      0x126 ./system/src/stm32f4-hal/stm32f4xx_hal.o
 .debug_macro   0x000170eb      0x386 ./system/src/stm32f4-hal/stm32f4xx_hal_cortex.o
 .debug_macro   0x00017471      0x3aa ./system/src/stm32f4-hal/stm32f4xx_hal_rcc.o
 .debug_macro   0x0001781b      0x1ae ./system/src/newlib/exit.o
 .debug_macro   0x000179c9      0x163 ./system/src/newlib/sbrk.o
 .debug_macro   0x00017b2c       0x10 ./system/src/newlib/sbrk.o
 .debug_macro   0x00017b3c      0x23c ./system/src/newlib/sbrk.o
 .debug_macro   0x00017d78      0x15f ./system/src/newlib/startup.o
 .debug_macro   0x00017ed7      0xac0 ./system/src/newlib/startup.o
 .debug_macro   0x00018997      0x239 ./system/src/newlib/syscalls.o
 .debug_macro   0x00018bd0       0x1c ./system/src/newlib/syscalls.o
 .debug_macro   0x00018bec       0x10 ./system/src/newlib/syscalls.o
 .debug_macro   0x00018bfc       0x10 ./system/src/newlib/syscalls.o
 .debug_macro   0x00018c0c       0x10 ./system/src/newlib/syscalls.o
 .debug_macro   0x00018c1c       0x35 ./system/src/newlib/syscalls.o
 .debug_macro   0x00018c51      0x12c ./system/src/newlib/syscalls.o
 .debug_macro   0x00018d7d       0xce ./system/src/newlib/syscalls.o
 .debug_macro   0x00018e4b       0x7c ./system/src/newlib/syscalls.o
 .debug_macro   0x00018ec7       0x17 ./system/src/newlib/syscalls.o
 .debug_macro   0x00018ede      0x118 ./system/src/newlib/syscalls.o
 .debug_macro   0x00018ff6      0x18a ./system/src/newlib/syscalls.o
 .debug_macro   0x00019180       0x16 ./system/src/newlib/syscalls.o
 .debug_macro   0x00019196      0x4e6 ./system/src/diag/trace-impl.o
 .debug_macro   0x0001967c       0x10 ./system/src/diag/trace-impl.o
 .debug_macro   0x0001968c       0x22 ./system/src/diag/trace-impl.o
 .debug_macro   0x000196ae      0x1f4 ./system/src/diag/trace.o
 .debug_macro   0x000198a2       0x16 ./system/src/diag/trace.o
 .debug_macro   0x000198b8       0x9e ./system/src/diag/trace.o
 .debug_macro   0x00019956      0x10b ./system/src/diag/trace.o
 .debug_macro   0x00019a61       0x10 ./system/src/diag/trace.o
 .debug_macro   0x00019a71       0x16 ./system/src/diag/trace.o
 .debug_macro   0x00019a87       0x16 ./system/src/diag/trace.o
 .debug_macro   0x00019a9d      0x170 ./system/src/diag/trace.o
 .debug_macro   0x00019c0d       0x4c ./system/src/diag/trace.o
 .debug_macro   0x00019c59       0xc1 ./system/src/diag/trace.o
 .debug_macro   0x00019d1a       0x16 ./system/src/diag/trace.o
 .debug_macro   0x00019d30      0x544 ./system/src/cortexm/exception-handlers.o
 .debug_macro   0x0001a274       0x10 ./system/src/cortexm/exception-handlers.o
 .debug_macro   0x0001a284      0x390 ./system/src/cortexm/initialize-hardware.o
 .debug_macro   0x0001a614      0x38c ./system/src/cmsis/system_stm32f4xx.o
 .debug_macro   0x0001a9a0       0x34 ./system/src/cmsis/vectors_stm32f401xc.o
 .debug_macro   0x0001a9d4       0x69 ./src/HIR_Program.o
 .debug_macro   0x0001aa3d       0x3a ./src/HIR_Program.o
 .debug_macro   0x0001aa77      0x17a ./src/HIR_Program.o
 .debug_macro   0x0001abf1       0x1c ./src/HIR_Program.o
 .debug_macro   0x0001ac0d       0x4c ./src/HIR_Program.o
 .debug_macro   0x0001ac59      0x112 ./src/HIR_Program.o
 .debug_macro   0x0001ad6b       0x40 ./src/HIR_Program.o
 .debug_macro   0x0001adab       0x40 ./src/MEXTI_Program.o
 .debug_macro   0x0001adeb       0x22 ./src/MEXTI_Program.o
 .debug_macro   0x0001ae0d       0x40 ./src/MGPIO_Program.o
 .debug_macro   0x0001ae4d       0x2e ./src/MGPIO_Program.o
 .debug_macro   0x0001ae7b       0x40 ./src/MNIVC_Program.o
 .debug_macro   0x0001aebb       0x1c ./src/MNIVC_Program.o
 .debug_macro   0x0001aed7       0x3f ./src/MRCC_Program.o
 .debug_macro   0x0001af16       0x40 ./src/MRCC_Program.o
 .debug_macro   0x0001af56      0x219 ./src/MRCC_Program.o
 .debug_macro   0x0001b16f       0x49 ./src/MSYSTICK_Program.o
 .debug_macro   0x0001b1b8       0x2e ./src/MSYSTICK_Program.o
 .debug_macro   0x0001b1e6       0x10 ./src/MSYSTICK_Program.o
 .debug_macro   0x0001b1f6      0x4cb ./src/initialize-hardware.o
 .debug_macro   0x0001b6c1       0x68 ./src/main.o
 .debug_macro   0x0001b729      0x386 ./src/stm32f4xx_hal_msp.o

.debug_line_str
                0x00000000      0x11b
 .debug_line_str
                0x00000000      0x10f e:/iti/5_arm/winarm/armgcc/12.3.1-1.1.1/.content/bin/../lib/gcc/arm-none-eabi/12.3.1/thumb/v7e-m/nofp\libgcc.a(_aeabi_uldivmod.o)
 .debug_line_str
                0x0000010f        0xc e:/iti/5_arm/winarm/armgcc/12.3.1-1.1.1/.content/bin/../lib/gcc/arm-none-eabi/12.3.1/thumb/v7e-m/nofp\libgcc.a(_dvmd_tls.o)
                                0x113 (size before relaxing)
